// Jest Snapshot v1, https://goo.gl/fbAQLP

exports[`renders correctly 1`] = `
<Text
  style={
    [
      {
        "textAlign": "left",
      },
      {
        "color": "rgba(28, 27, 31, 1)",
        "fontFamily": "System",
        "fontWeight": "400",
        "letterSpacing": 0,
      },
      {
        "writingDirection": "ltr",
      },
      [
        undefined,
        {
          "fontFamily": "Lato",
        },
      ],
    ]
  }
>
  Snapshot test!
</Text>
`;
